I'm sorry, but errors were detected in your script. Please correct the
errors listed below, and try again.


File "game/script.rpy", line 24: invalid syntax
            "clothes": True
                      ^

Ren'Py Version: Ren'Py 8.1.3.23091805
Thu Jan 11 01:26:10 2024
